// Jest Snapshot v1, https://goo.gl/fbAQLP

exports[`Home page should be rendered Home page renders correctly 1`] = `
<div>
  <div
    class="Home"
  >
    <header
      class="pageHeader"
    >
      <div
        class="container"
      >
        <a
          class="link"
          href="/"
        >
          <img
            alt="lorem ipsum"
            src="https://via.placeholder.com/100x30"
          />
        </a>
        <nav
          class="primaryNav"
        >
          <a
            class="navLinkActive navLink"
            href="#"
          >
            Home
          </a>
          <a
            class=" navLink"
            href="#"
          >
            About me
          </a>
          <a
            class=" navLink"
            href="#"
          >
            Blog
          </a>
          <a
            class=" navLink"
            href="#"
          >
            Get in touch
          </a>
        </nav>
      </div>
    </header>
    <div
      class="hero"
    >
      <figure
        class="figure"
      >
        <img
          alt="figure"
          class="image"
          src="https://via.placeholder.com/400x400"
        />
      </figure>
      <figure
        class="figureDesktop"
      >
        <img
          alt="figure"
          class="image"
          src="https://via.placeholder.com/400x400"
        />
      </figure>
      <section
        class="section"
      >
        <h1>
          Lorem ipsum
        </h1>
        <p
          style="text-transform: uppercase;"
        >
          Lorem ipsum dolor sit amet
        </p>
      </section>
    </div>
    <section
      class="tile"
    >
      <h2
        class="heading"
      >
        What I do?
      </h2>
    </section>
    <div
      class="mediaBlockList"
    >
      <div
        class="mediaBlock"
      >
        <div
          class="mediaBlockInner"
        >
          <figure
            class="image"
          >
            <img
              alt="Lorem Ipsum"
              height="240"
              src="https://via.placeholder.com/290x240"
              width="290"
            />
          </figure>
          <section
            class="content"
          >
            <h5
              class=""
            >
              Lorem Ipsum
            </h5>
            <p
              class="paraghaph"
            >
              Nam porttitor blandit accumsan. Ut vel dictum sem, a pretium dui. In malesuada enim in dolor euismod, id commodo mi consectetur. 
            </p>
          </section>
        </div>
      </div>
      <div
        class="mediaBlock"
      >
        <div
          class="mediaBlockInner"
        >
          <figure
            class="image"
          >
            <img
              alt="Lorem Ipsum"
              height="240"
              src="https://via.placeholder.com/290x240"
              width="290"
            />
          </figure>
          <section
            class="content"
          >
            <h5
              class=""
            >
              Lorem Ipsum
            </h5>
            <p
              class="paraghaph"
            >
              Nam porttitor blandit accumsan. Ut vel dictum sem, a pretium dui. In malesuada enim in dolor euismod, id commodo mi consectetur. 
            </p>
          </section>
        </div>
      </div>
    </div>
    <div
      class="callToActionSection"
    >
      <section
        class="block"
        style="background-color: transparent;"
      >
        <div
          class="container"
        >
          <h3
            class="heading"
          >
            Heading level 1
          </h3>
          <p
            class="paragraph"
          >
            Nam porttitor blandit accumsan. Ut vel dictum sem, a pretium dui. In malesuada enim in dolor euismod, id commodo mi consectetur. Curabitur at vestibulum nisi. Nullam vehicula nisi velit. Mauris turpis nisl, molestie ut ipsum et, suscipit vehicula odio. Vestibulum interdum vestibulum felis ac molestie
          </p>
          <div
            class="links"
          >
            <a
              class="primary"
              href="#"
            >
              Call to action
            </a>
          </div>
        </div>
      </section>
    </div>
    <div
      class="articles"
    >
      <header
        class="articlesHeader"
      >
        <h4
          class=""
        >
          Recent articles
        </h4>
      </header>
      <div
        class="articlesInner"
      >
        <div
          class="tout"
        >
          <a
            href="#"
          >
            <figure
              class="figure"
            >
              <img
                alt="figure"
                height="240"
                layout="responsive"
                src="https://via.placeholder.com/290x240"
                width="290"
              />
            </figure>
            <header
              class="tape"
            >
              <h5
                class="inverse"
              >
                Lorem ipsum
              </h5>
            </header>
          </a>
        </div>
        <div
          class="tout"
        >
          <a
            href="#"
          >
            <figure
              class="figure"
            >
              <img
                alt="figure"
                height="240"
                layout="responsive"
                src="https://via.placeholder.com/290x240"
                width="290"
              />
            </figure>
            <header
              class="tape"
            >
              <h5
                class="inverse"
              >
                Lorem ipsum
              </h5>
            </header>
          </a>
        </div>
      </div>
      <footer
        class="articlesFooter"
      >
        <a
          class="secondary"
          href="#"
        >
          Show all
        </a>
      </footer>
    </div>
    <div
      class="aboutTheAuthor"
    >
      <div
        class="inner"
      >
        <figure
          class="figureDesktop"
          style="background-image: url(https://via.placeholder.com/270x270);"
        />
        <article
          class="content"
        >
          <h6
            class=""
          >
            About me
          </h6>
          <p
            class="authorName"
          >
            John
          </p>
          <figure
            class="figure"
            style="background-image: url(https://via.placeholder.com/270x270);"
          />
          <p
            class="description"
          >
            Nam porttitor blandit accumsan. Ut vel dictum sem, a pretium dui. In malesuada enim in dolor euismod, id commodo mi consectetur. Curabitur at vestibulum nisi. Nullam vehicula nisi velit. Mauris turpis nisl, molestie ut ipsum et, suscipit vehicula odio. Vestibulum interdum vestibulum felis ac molestie.
          </p>
          <a
            class="secondary"
            href="#"
          >
            Read more
          </a>
        </article>
      </div>
    </div>
    <form
      action="https://app.getresponse.com/add_subscriber.html"
      class="newsletter"
      id="newsletter"
      method="post"
    >
      <div
        class="newsletterContent"
      >
        <h3
          class="title"
        >
          Subscribe to the newsletter
        </h3>
        <p
          class="paraghaph"
        >
          I will send you unique content every Friday.
        </p>
        <div
          class="fieldset"
        >
          <div
            class="field"
          >
            <input
              class="input null"
              data-testid="input"
              name="first_name"
              placeholder="Your name"
              type="text"
              value=""
            />
          </div>
          <div
            class="field"
          >
            <input
              class="input null"
              data-testid="input"
              name="email"
              placeholder="Your email"
              type="email"
              value=""
            />
          </div>
        </div>
        <input
          name="campaign_token"
          type="hidden"
          value="WMdq9"
        />
        <input
          name="thankyou_url"
          type="hidden"
          value="https://marcin-kwiatkowski.com/thank-you"
        />
        <input
          name="start_day"
          type="hidden"
          value="0"
        />
        <footer
          class="footer"
        >
          <p>
            Also i will send you send you PDF with 112 pages about PWA Studio Rich Content renderers
          </p>
          <button
            class="primary"
            type="submit"
          >
            Subscribe
          </button>
        </footer>
      </div>
    </form>
    <footer
      class="pageFooter"
    >
      <div
        class="columns"
      >
        <div
          class="footerColumn"
        >
          <button
            class="header"
            type="button"
          >
            <h5
              class="heading"
            >
              Column 1
            </h5>
            <span
              class="expandButton"
            >
              <span>
                svg
              </span>
            </span>
          </button>
        </div>
        <div
          class="footerColumn"
        >
          <button
            class="header"
            type="button"
          >
            <h5
              class="heading"
            >
              Column 2
            </h5>
            <span
              class="expandButton"
            >
              <span>
                svg
              </span>
            </span>
          </button>
        </div>
        <div
          class="footerColumn"
        >
          <button
            class="header"
            type="button"
          >
            <h5
              class="heading"
            >
              Column 3
            </h5>
            <span
              class="expandButton"
            >
              <span>
                svg
              </span>
            </span>
          </button>
        </div>
        <div
          class="footerColumn"
        >
          <button
            class="header"
            type="button"
          >
            <h5
              class="heading"
            >
              Column 4
            </h5>
            <span
              class="expandButton"
            >
              <span>
                svg
              </span>
            </span>
          </button>
        </div>
      </div>
      <div>
        <ul
          class="bottomNav"
        >
          <li>
            <a
              href="#"
            >
              Link 1
            </a>
          </li>
          <li>
            <a
              href="#"
            >
              Link 2
            </a>
          </li>
          <li>
            <a
              href="#"
            >
              Link 3
            </a>
          </li>
        </ul>
        <p
          class="copyright"
        >
          © 2021 Lorem ipsum
        </p>
      </div>
    </footer>
    <nav
      class="mobileNav"
    >
      <a
        href="/"
      >
        <span
          class="iconContainer"
        >
          <img
            alt="Home"
            src="[object Object]"
          />
          <span
            class="label"
          >
            Home
          </span>
        </span>
      </a>
      <a
        href="/blog"
      >
        <span
          class="iconContainer"
        >
          <img
            alt="Blog"
            src="[object Object]"
          />
          <span
            class="label"
          >
            Blog
          </span>
        </span>
      </a>
      <a
        href="/about-me"
      >
        <span
          class="iconContainer"
        >
          <img
            alt="About"
            src="[object Object]"
          />
          <span
            class="label"
          >
            About
          </span>
        </span>
      </a>
      <a
        href="/get-in-touch"
      >
        <span
          class="iconContainer"
        >
          <img
            alt="Contact"
            src="[object Object]"
          />
          <span
            class="label"
          >
            Contact
          </span>
        </span>
      </a>
      <a
        href="#newsletter"
      >
        <span
          class="iconContainer"
        >
          <img
            alt="Subscribe"
            src="[object Object]"
          />
          <span
            class="label"
          >
            Subscribe
          </span>
        </span>
      </a>
    </nav>
  </div>
</div>
`;
